#
# There is insufficient memory for the Java Runtime Environment to continue.
# Native memory allocation (malloc) failed to allocate 1036496 bytes for Chunk::new
# Possible reasons:
#   The system is out of physical RAM or swap space
#   The process is running with CompressedOops enabled, and the Java Heap may be blocking the growth of the native heap
# Possible solutions:
#   Reduce memory load on the system
#   Increase physical memory or swap space
#   Check if swap backing store is full
#   Decrease Java heap size (-Xmx/-Xms)
#   Decrease number of Java threads
#   Decrease Java thread stack sizes (-Xss)
#   Set larger code cache with -XX:ReservedCodeCacheSize=
#   JVM is running with Unscaled Compressed Oops mode in which the Java heap is
#     placed in the first 4GB address space. The Java Heap base address is the
#     maximum limit for the native heap growth. Please use -XX:HeapBaseMinAddress
#     to set the Java Heap base and to place the Java Heap above 4GB virtual address.
# This output file may be truncated or incomplete.
#
#  Out of Memory Error (arena.cpp:195), pid=6816, tid=7984
#
# JRE version: OpenJDK Runtime Environment (16.0.2+7) (build 16.0.2+7-67)
# Java VM: OpenJDK 64-Bit Server VM (16.0.2+7-67, mixed mode, tiered, compressed oops, compressed class ptrs, g1 gc, windows-amd64)
# No core dump will be written. Minidumps are not enabled by default on client versions of Windows
#

---------------  S U M M A R Y ------------

Command Line: -Dfile.encoding=UTF-8 -XX:+ShowCodeDetailsInExceptionMessages com.kmsoft.InventoryApplication

Host: Intel(R) Core(TM) i5-8250U CPU @ 1.60GHz, 8 cores, 7G,  Windows 10 , 64 bit Build 19041 (10.0.19041.1566)
Time: Tue Jun 14 13:31:05 2022 India Standard Time elapsed time: 165.972694 seconds (0d 0h 2m 45s)

---------------  T H R E A D  ---------------

Current thread (0x000001d8a4c20d30):  JavaThread "C2 CompilerThread0" daemon [_thread_in_native, id=7984, stack(0x0000007b7f300000,0x0000007b7f400000)]


Current CompileTask:
C2: 165972 12316       4       org.springframework.core.convert.support.GenericConversionService::getConverter (106 bytes)

Stack: [0x0000007b7f300000,0x0000007b7f400000]
Native frames: (J=compiled Java code, j=interpreted, Vv=VM code, C=native code)
V  [jvm.dll+0x6681ca]
V  [jvm.dll+0x7c9e69]
V  [jvm.dll+0x7cb61e]
V  [jvm.dll+0x7cbc73]
V  [jvm.dll+0x242c55]
V  [jvm.dll+0xadeba]
V  [jvm.dll+0xae45c]
V  [jvm.dll+0x2a4cdf]
V  [jvm.dll+0x573c29]
V  [jvm.dll+0x21e905]
V  [jvm.dll+0x217c01]
V  [jvm.dll+0x214ffc]
V  [jvm.dll+0x1a1beb]
V  [jvm.dll+0x225158]
V  [jvm.dll+0x22319c]
V  [jvm.dll+0x77fa62]
V  [jvm.dll+0x7795aa]
V  [jvm.dll+0x667066]
C  [ucrtbase.dll+0x21bb2]
C  [KERNEL32.DLL+0x17034]
C  [ntdll.dll+0x52651]


---------------  P R O C E S S  ---------------

Threads class SMR info:
_java_thread_list=0x000001d8a897a190, length=32, elements={
0x000001d8a41cc250, 0x000001d8a41cd0a0, 0x000001d8a4c11890, 0x000001d8a4c121a0,
0x000001d8a4c12ec0, 0x000001d8a4c180e0, 0x000001d8a4c20d30, 0x000001d8a4c22690,
0x000001d8a4c2f3e0, 0x000001d8a4da1b60, 0x000001d8a4dc18c0, 0x000001d8a8a6f070,
0x000001d8a9cbb540, 0x000001d8a6a70800, 0x000001d8a6a712a0, 0x000001d8a6a702b0,
0x000001d8ab602050, 0x000001d8ab601060, 0x000001d8ab606ab0, 0x000001d8ab607ff0,
0x000001d8ab607550, 0x000001d8ab608a90, 0x000001d8ab6015b0, 0x000001d8ab601b00,
0x000001d8ab6025a0, 0x000001d8ab604ad0, 0x000001d8ab603040, 0x000001d8ab605570,
0x000001d8ab602af0, 0x000001d8ab603590, 0x000001d8ab603ae0, 0x000001d8ab604030
}

Java Threads: ( => current thread )
  0x000001d8a41cc250 JavaThread "Reference Handler" daemon [_thread_blocked, id=8656, stack(0x0000007b7ed00000,0x0000007b7ee00000)]
  0x000001d8a41cd0a0 JavaThread "Finalizer" daemon [_thread_blocked, id=10180, stack(0x0000007b7ee00000,0x0000007b7ef00000)]
  0x000001d8a4c11890 JavaThread "Signal Dispatcher" daemon [_thread_blocked, id=12740, stack(0x0000007b7ef00000,0x0000007b7f000000)]
  0x000001d8a4c121a0 JavaThread "Attach Listener" daemon [_thread_blocked, id=8720, stack(0x0000007b7f000000,0x0000007b7f100000)]
  0x000001d8a4c12ec0 JavaThread "Service Thread" daemon [_thread_blocked, id=10384, stack(0x0000007b7f100000,0x0000007b7f200000)]
  0x000001d8a4c180e0 JavaThread "Monitor Deflation Thread" daemon [_thread_blocked, id=2560, stack(0x0000007b7f200000,0x0000007b7f300000)]
=>0x000001d8a4c20d30 JavaThread "C2 CompilerThread0" daemon [_thread_in_native, id=7984, stack(0x0000007b7f300000,0x0000007b7f400000)]
  0x000001d8a4c22690 JavaThread "C1 CompilerThread0" daemon [_thread_blocked, id=3104, stack(0x0000007b7f400000,0x0000007b7f500000)]
  0x000001d8a4c2f3e0 JavaThread "Sweeper thread" daemon [_thread_blocked, id=10828, stack(0x0000007b7f500000,0x0000007b7f600000)]
  0x000001d8a4da1b60 JavaThread "Notification Thread" daemon [_thread_blocked, id=6400, stack(0x0000007b7f600000,0x0000007b7f700000)]
  0x000001d8a4dc18c0 JavaThread "Common-Cleaner" daemon [_thread_blocked, id=8552, stack(0x0000007b7f800000,0x0000007b7f900000)]
  0x000001d8a8a6f070 JavaThread "Catalina-utility-1" [_thread_blocked, id=6232, stack(0x0000007b00100000,0x0000007b00200000)]
  0x000001d8a9cbb540 JavaThread "Catalina-utility-2" [_thread_blocked, id=10020, stack(0x0000007b00600000,0x0000007b00700000)]
  0x000001d8a6a70800 JavaThread "container-0" [_thread_blocked, id=11368, stack(0x0000007b00700000,0x0000007b00800000)]
  0x000001d8a6a712a0 JavaThread "mysql-cj-abandoned-connection-cleanup" daemon [_thread_blocked, id=7192, stack(0x0000007b00800000,0x0000007b00900000)]
  0x000001d8a6a702b0 JavaThread "HikariPool-1 housekeeper" daemon [_thread_blocked, id=5976, stack(0x0000007b00a00000,0x0000007b00b00000)]
  0x000001d8ab602050 JavaThread "Live Reload Server" daemon [_thread_in_native, id=9428, stack(0x0000007b00d00000,0x0000007b00e00000)]
  0x000001d8ab601060 JavaThread "File Watcher" daemon [_thread_blocked, id=5752, stack(0x0000007b00c00000,0x0000007b00d00000)]
  0x000001d8ab606ab0 JavaThread "http-nio-8080-BlockPoller" daemon [_thread_in_native, id=1056, stack(0x0000007b00e00000,0x0000007b00f00000)]
  0x000001d8ab607ff0 JavaThread "http-nio-8080-exec-1" daemon [_thread_blocked, id=8048, stack(0x0000007b00f00000,0x0000007b01000000)]
  0x000001d8ab607550 JavaThread "http-nio-8080-exec-2" daemon [_thread_blocked, id=1136, stack(0x0000007b01000000,0x0000007b01100000)]
  0x000001d8ab608a90 JavaThread "http-nio-8080-exec-3" daemon [_thread_blocked, id=6268, stack(0x0000007b01100000,0x0000007b01200000)]
  0x000001d8ab6015b0 JavaThread "http-nio-8080-exec-4" daemon [_thread_blocked, id=11572, stack(0x0000007b01200000,0x0000007b01300000)]
  0x000001d8ab601b00 JavaThread "http-nio-8080-exec-5" daemon [_thread_blocked, id=4184, stack(0x0000007b01300000,0x0000007b01400000)]
  0x000001d8ab6025a0 JavaThread "http-nio-8080-exec-6" daemon [_thread_blocked, id=4828, stack(0x0000007b01400000,0x0000007b01500000)]
  0x000001d8ab604ad0 JavaThread "http-nio-8080-exec-7" daemon [_thread_blocked, id=6300, stack(0x0000007b01500000,0x0000007b01600000)]
  0x000001d8ab603040 JavaThread "http-nio-8080-exec-8" daemon [_thread_blocked, id=10140, stack(0x0000007b01600000,0x0000007b01700000)]
  0x000001d8ab605570 JavaThread "http-nio-8080-exec-9" daemon [_thread_blocked, id=2916, stack(0x0000007b01700000,0x0000007b01800000)]
  0x000001d8ab602af0 JavaThread "http-nio-8080-exec-10" daemon [_thread_blocked, id=10096, stack(0x0000007b01800000,0x0000007b01900000)]
  0x000001d8ab603590 JavaThread "http-nio-8080-ClientPoller" daemon [_thread_in_native, id=10740, stack(0x0000007b01900000,0x0000007b01a00000)]
  0x000001d8ab603ae0 JavaThread "http-nio-8080-Acceptor" daemon [_thread_in_native, id=2172, stack(0x0000007b01a00000,0x0000007b01b00000)]
  0x000001d8ab604030 JavaThread "DestroyJavaVM" [_thread_blocked, id=13916, stack(0x0000007b7e600000,0x0000007b7e700000)]

Other Threads:
  0x000001d8a41a9d50 VMThread "VM Thread" [stack: 0x0000007b7ec00000,0x0000007b7ed00000] [id=7464]
  0x000001d8a4da2480 WatcherThread [stack: 0x0000007b7f700000,0x0000007b7f800000] [id=3092]
  0x000001d88a387730 GCTaskThread "GC Thread#0" [stack: 0x0000007b7e700000,0x0000007b7e800000] [id=10304]
  0x000001d8a57e9230 GCTaskThread "GC Thread#1" [stack: 0x0000007b7fa00000,0x0000007b7fb00000] [id=2324]
  0x000001d8a57e9540 GCTaskThread "GC Thread#2" [stack: 0x0000007b7fb00000,0x0000007b7fc00000] [id=2628]
  0x000001d8a574a860 GCTaskThread "GC Thread#3" [stack: 0x0000007b7fc00000,0x0000007b7fd00000] [id=4984]
  0x000001d8a5749020 GCTaskThread "GC Thread#4" [stack: 0x0000007b7fd00000,0x0000007b7fe00000] [id=5644]
  0x000001d8a5749330 GCTaskThread "GC Thread#5" [stack: 0x0000007b7fe00000,0x0000007b7ff00000] [id=8676]
  0x000001d8a69c1590 GCTaskThread "GC Thread#6" [stack: 0x0000007b00200000,0x0000007b00300000] [id=12136]
  0x000001d8a699e8e0 GCTaskThread "GC Thread#7" [stack: 0x0000007b00300000,0x0000007b00400000] [id=13624]
  0x000001d88a399c70 ConcurrentGCThread "G1 Main Marker" [stack: 0x0000007b7e800000,0x0000007b7e900000] [id=9548]
  0x000001d88a39b680 ConcurrentGCThread "G1 Conc#0" [stack: 0x0000007b7e900000,0x0000007b7ea00000] [id=9716]
  0x000001d8a6b22d00 ConcurrentGCThread "G1 Conc#1" [stack: 0x0000007b00400000,0x0000007b00500000] [id=9188]
  0x000001d8a4000090 ConcurrentGCThread "G1 Refine#0" [stack: 0x0000007b7ea00000,0x0000007b7eb00000] [id=12648]
  0x000001d8a65a4a60 ConcurrentGCThread "G1 Refine#1" [stack: 0x0000007b00b00000,0x0000007b00c00000] [id=1696]
  0x000001d8a65a4720 ConcurrentGCThread "G1 Refine#2" [stack: 0x0000007b01b00000,0x0000007b01c00000] [id=5652]
  0x000001d8a65a5420 ConcurrentGCThread "G1 Refine#3" [stack: 0x0000007b01c00000,0x0000007b01d00000] [id=2348]
  0x000001d8aaa5dfd0 ConcurrentGCThread "G1 Refine#4" [stack: 0x0000007b01d00000,0x0000007b01e00000] [id=1088]
  0x000001d8aaa61a50 ConcurrentGCThread "G1 Refine#5" [stack: 0x0000007b01e00000,0x0000007b01f00000] [id=10300]
  0x000001d8aaa5e310 ConcurrentGCThread "G1 Refine#6" [stack: 0x0000007b01f00000,0x0000007b02000000] [id=1236]
  0x000001d88a417680 ConcurrentGCThread "G1 Service" [stack: 0x0000007b7eb00000,0x0000007b7ec00000] [id=9620]

Threads with active compile tasks:
C2 CompilerThread0   166026 12316       4       org.springframework.core.convert.support.GenericConversionService::getConverter (106 bytes)

VM state: not at safepoint (normal execution)

VM Mutex/Monitor currently owned by a thread: None

Heap address: 0x0000000081600000, size: 2026 MB, Compressed Oops mode: 32-bit

CDS disabled.
Compressed class space mapped at: 0x0000000100000000-0x0000000140000000, reserved size: 1073741824
Narrow klass base: 0x0000000000000000, Narrow klass shift: 3, Narrow klass range: 0x140000000

GC Precious Log:
 CPUs: 8 total, 8 available
 Memory: 8103M
 Large Page Support: Disabled
 NUMA Support: Disabled
 Compressed Oops: Enabled (32-bit)
 Heap Region Size: 1M
 Heap Min Capacity: 8M
 Heap Initial Capacity: 128M
 Heap Max Capacity: 2026M
 Pre-touch: Disabled
 Parallel Workers: 8
 Concurrent Workers: 2
 Concurrent Refinement Workers: 8
 Periodic GC: Disabled

Heap:
 garbage-first heap   total 61440K, used 32443K [0x0000000081600000, 0x0000000100000000)
  region size 1024K, 2 young (2048K), 1 survivors (1024K)
 Metaspace       used 75855K, committed 76352K, reserved 1122304K
  class space    used 9007K, committed 9216K, reserved 1048576K

Heap Regions: E=young(eden), S=young(survivor), O=old, HS=humongous(starts), HC=humongous(continues), CS=collection set, F=free, OA=open archive, CA=closed archive, TAMS=top-at-mark-start (previous, next)
|   0|0x0000000081600000, 0x0000000081700000, 0x0000000081700000|100%|HS|  |TAMS 0x0000000081700000, 0x0000000081600000| Complete 
|   1|0x0000000081700000, 0x0000000081800000, 0x0000000081800000|100%| O|  |TAMS 0x0000000081800000, 0x0000000081700000| Untracked 
|   2|0x0000000081800000, 0x0000000081900000, 0x0000000081900000|100%| O|  |TAMS 0x0000000081900000, 0x0000000081800000| Untracked 
|   3|0x0000000081900000, 0x0000000081a00000, 0x0000000081a00000|100%| O|  |TAMS 0x0000000081a00000, 0x0000000081900000| Untracked 
|   4|0x0000000081a00000, 0x0000000081b00000, 0x0000000081b00000|100%| O|  |TAMS 0x0000000081b00000, 0x0000000081a00000| Untracked 
|   5|0x0000000081b00000, 0x0000000081c00000, 0x0000000081c00000|100%| O|  |TAMS 0x0000000081c00000, 0x0000000081b00000| Untracked 
|   6|0x0000000081c00000, 0x0000000081d00000, 0x0000000081d00000|100%| O|  |TAMS 0x0000000081d00000, 0x0000000081c00000| Untracked 
|   7|0x0000000081d00000, 0x0000000081e00000, 0x0000000081e00000|100%| O|  |TAMS 0x0000000081e00000, 0x0000000081d00000| Untracked 
|   8|0x0000000081e00000, 0x0000000081f00000, 0x0000000081f00000|100%| O|  |TAMS 0x0000000081f00000, 0x0000000081e00000| Untracked 
|   9|0x0000000081f00000, 0x0000000081f13600, 0x0000000082000000|  7%| O|  |TAMS 0x0000000081f11c00, 0x0000000081f00000| Untracked 
|  10|0x0000000082000000, 0x0000000082000000, 0x0000000082100000|  0%| F|  |TAMS 0x0000000082000000, 0x0000000082000000| Untracked 
|  11|0x0000000082100000, 0x0000000082200000, 0x0000000082200000|100%| O|  |TAMS 0x0000000082200000, 0x0000000082100000| Untracked 
|  12|0x0000000082200000, 0x0000000082200000, 0x0000000082300000|  0%| F|  |TAMS 0x0000000082200000, 0x0000000082200000| Untracked 
|  13|0x0000000082300000, 0x0000000082400000, 0x0000000082400000|100%| O|  |TAMS 0x0000000082400000, 0x0000000082300000| Untracked 
|  14|0x0000000082400000, 0x0000000082500000, 0x0000000082500000|100%| O|  |TAMS 0x0000000082500000, 0x0000000082400000| Untracked 
|  15|0x0000000082500000, 0x0000000082500000, 0x0000000082600000|  0%| F|  |TAMS 0x0000000082500000, 0x0000000082500000| Untracked 
|  16|0x0000000082600000, 0x0000000082700000, 0x0000000082700000|100%| O|  |TAMS 0x0000000082700000, 0x0000000082600000| Untracked 
|  17|0x0000000082700000, 0x0000000082800000, 0x0000000082800000|100%| O|  |TAMS 0x0000000082800000, 0x0000000082700000| Untracked 
|  18|0x0000000082800000, 0x0000000082900000, 0x0000000082900000|100%| O|  |TAMS 0x0000000082900000, 0x0000000082800000| Untracked 
|  19|0x0000000082900000, 0x0000000082a00000, 0x0000000082a00000|100%| O|  |TAMS 0x0000000082a00000, 0x0000000082900000| Untracked 
|  20|0x0000000082a00000, 0x0000000082b00000, 0x0000000082b00000|100%| O|  |TAMS 0x0000000082b00000, 0x0000000082a00000| Untracked 
|  21|0x0000000082b00000, 0x0000000082b00000, 0x0000000082c00000|  0%| F|  |TAMS 0x0000000082b00000, 0x0000000082b00000| Untracked 
|  22|0x0000000082c00000, 0x0000000082d00000, 0x0000000082d00000|100%| O|  |TAMS 0x0000000082d00000, 0x0000000082c00000| Untracked 
|  23|0x0000000082d00000, 0x0000000082e00000, 0x0000000082e00000|100%| O|  |TAMS 0x0000000082e00000, 0x0000000082d00000| Untracked 
|  24|0x0000000082e00000, 0x0000000082f00000, 0x0000000082f00000|100%| O|  |TAMS 0x0000000082f00000, 0x0000000082e00000| Untracked 
|  25|0x0000000082f00000, 0x0000000083000000, 0x0000000083000000|100%| O|  |TAMS 0x0000000083000000, 0x0000000082f00000| Untracked 
|  26|0x0000000083000000, 0x0000000083100000, 0x0000000083100000|100%| O|  |TAMS 0x0000000083100000, 0x0000000083000000| Untracked 
|  27|0x0000000083100000, 0x0000000083200000, 0x0000000083200000|100%| O|  |TAMS 0x0000000083200000, 0x0000000083100000| Untracked 
|  28|0x0000000083200000, 0x0000000083300000, 0x0000000083300000|100%| O|  |TAMS 0x0000000083300000, 0x0000000083200000| Untracked 
|  29|0x0000000083300000, 0x0000000083400000, 0x0000000083400000|100%| O|  |TAMS 0x0000000083400000, 0x0000000083300000| Untracked 
|  30|0x0000000083400000, 0x0000000083500000, 0x0000000083500000|100%| O|  |TAMS 0x0000000083500000, 0x0000000083400000| Untracked 
|  31|0x0000000083500000, 0x0000000083600000, 0x0000000083600000|100%| O|  |TAMS 0x0000000083600000, 0x0000000083500000| Untracked 
|  32|0x0000000083600000, 0x0000000083700000, 0x0000000083700000|100%| O|  |TAMS 0x0000000083700000, 0x0000000083600000| Untracked 
|  33|0x0000000083700000, 0x0000000083800000, 0x0000000083800000|100%| O|  |TAMS 0x0000000083800000, 0x0000000083700000| Untracked 
|  34|0x0000000083800000, 0x0000000083900000, 0x0000000083900000|100%| O|  |TAMS 0x0000000083900000, 0x0000000083800000| Untracked 
|  35|0x0000000083900000, 0x0000000083a00000, 0x0000000083a00000|100%| O|  |TAMS 0x0000000083a00000, 0x0000000083900000| Untracked 
|  36|0x0000000083a00000, 0x0000000083a00000, 0x0000000083b00000|  0%| F|  |TAMS 0x0000000083a00000, 0x0000000083a00000| Untracked 
|  37|0x0000000083b00000, 0x0000000083b00000, 0x0000000083c00000|  0%| F|  |TAMS 0x0000000083b00000, 0x0000000083b00000| Untracked 
|  38|0x0000000083c00000, 0x0000000083c00000, 0x0000000083d00000|  0%| F|  |TAMS 0x0000000083c00000, 0x0000000083c00000| Untracked 
|  39|0x0000000083d00000, 0x0000000083d9b980, 0x0000000083e00000| 60%| S|CS|TAMS 0x0000000083d00000, 0x0000000083d00000| Complete 
|  40|0x0000000083e00000, 0x0000000083e00000, 0x0000000083f00000|  0%| F|  |TAMS 0x0000000083e00000, 0x0000000083e00000| Untracked 
|  41|0x0000000083f00000, 0x0000000083f00000, 0x0000000084000000|  0%| F|  |TAMS 0x0000000083f00000, 0x0000000083f00000| Untracked 
|  42|0x0000000084000000, 0x0000000084000000, 0x0000000084100000|  0%| F|  |TAMS 0x0000000084000000, 0x0000000084000000| Untracked 
|  43|0x0000000084100000, 0x0000000084100000, 0x0000000084200000|  0%| F|  |TAMS 0x0000000084100000, 0x0000000084100000| Untracked 
|  44|0x0000000084200000, 0x0000000084200000, 0x0000000084300000|  0%| F|  |TAMS 0x0000000084200000, 0x0000000084200000| Untracked 
|  45|0x0000000084300000, 0x0000000084300000, 0x0000000084400000|  0%| F|  |TAMS 0x0000000084300000, 0x0000000084300000| Untracked 
|  46|0x0000000084400000, 0x0000000084400000, 0x0000000084500000|  0%| F|  |TAMS 0x0000000084400000, 0x0000000084400000| Untracked 
|  47|0x0000000084500000, 0x0000000084500000, 0x0000000084600000|  0%| F|  |TAMS 0x0000000084500000, 0x0000000084500000| Untracked 
|  48|0x0000000084600000, 0x0000000084600000, 0x0000000084700000|  0%| F|  |TAMS 0x0000000084600000, 0x0000000084600000| Untracked 
|  49|0x0000000084700000, 0x0000000084700000, 0x0000000084800000|  0%| F|  |TAMS 0x0000000084700000, 0x0000000084700000| Untracked 
|  50|0x0000000084800000, 0x0000000084800000, 0x0000000084900000|  0%| F|  |TAMS 0x0000000084800000, 0x0000000084800000| Untracked 
|  51|0x0000000084900000, 0x0000000084900000, 0x0000000084a00000|  0%| F|  |TAMS 0x0000000084900000, 0x0000000084900000| Untracked 
|  52|0x0000000084a00000, 0x0000000084a00000, 0x0000000084b00000|  0%| F|  |TAMS 0x0000000084a00000, 0x0000000084a00000| Untracked 
|  53|0x0000000084b00000, 0x0000000084b00000, 0x0000000084c00000|  0%| F|  |TAMS 0x0000000084b00000, 0x0000000084b00000| Untracked 
|  54|0x0000000084c00000, 0x0000000084c00000, 0x0000000084d00000|  0%| F|  |TAMS 0x0000000084c00000, 0x0000000084c00000| Untracked 
|  55|0x0000000084d00000, 0x0000000084d00000, 0x0000000084e00000|  0%| F|  |TAMS 0x0000000084d00000, 0x0000000084d00000| Untracked 
|  56|0x0000000084e00000, 0x0000000084e00000, 0x0000000084f00000|  0%| F|  |TAMS 0x0000000084e00000, 0x0000000084e00000| Untracked 
|  57|0x0000000084f00000, 0x0000000084f00000, 0x0000000085000000|  0%| F|  |TAMS 0x0000000084f00000, 0x0000000084f00000| Untracked 
|  59|0x0000000085100000, 0x000000008510a580, 0x0000000085200000|  4%| E|  |TAMS 0x0000000085100000, 0x0000000085100000| Complete 
| 127|0x0000000089500000, 0x0000000089600000, 0x0000000089600000|100%| E|CS|TAMS 0x0000000089500000, 0x0000000089500000| Complete 

Card table byte_map: [0x000001d89cff0000,0x000001d89d3f0000] _byte_map_base: 0x000001d89cbe5000

Marking Bits (Prev, Next): (CMBitMap*) 0x000001d88a388d40, (CMBitMap*) 0x000001d88a388d80
 Prev Bits: [0x000001d89d7f0000, 0x000001d89f798000)
 Next Bits: [0x000001d89f7a0000, 0x000001d8a1748000)

Polling page: 0x000001d888340000

Metaspace:

Usage:
  Non-class:     65.28 MB used.
      Class:      8.80 MB used.
       Both:     74.08 MB used.

Virtual space:
  Non-class space:       72.00 MB reserved,      65.56 MB ( 91%) committed,  9 nodes.
      Class space:        1.00 GB reserved,       9.00 MB ( <1%) committed,  1 nodes.
              Both:        1.07 GB reserved,      74.56 MB (  7%) committed. 

Chunk freelists:
   Non-Class:  1.97 MB
       Class:  2.89 MB
        Both:  4.86 MB

MaxMetaspaceSize: 17179869184.00 GB
CompressedClassSpaceSize: 1.00 GB
 - commit_granule_bytes: 65536.
 - commit_granule_words: 8192.
 - virtual_space_node_default_size: 1048576.
 - enlarge_chunks_in_place: 1.
 - new_chunks_are_fully_committed: 0.
 - uncommit_free_chunks: 1.
 - use_allocation_guard: 0.
 - handle_deallocations: 1.


Internal statistics:

num_allocs_failed_limit: 9.
num_arena_births: 680.
num_arena_deaths: 8.
num_vsnodes_births: 10.
num_vsnodes_deaths: 0.
num_space_committed: 1193.
num_space_uncommitted: 0.
num_chunks_returned_to_freelist: 21.
num_chunks_taken_from_freelist: 3184.
num_chunk_merges: 10.
num_chunk_splits: 2120.
num_chunks_enlarged: 1539.
num_purges: 4.

CodeHeap 'non-profiled nmethods': size=120000Kb used=10557Kb max_used=10557Kb free=109442Kb
 bounds [0x000001d895390000, 0x000001d895de0000, 0x000001d89c8c0000]
CodeHeap 'profiled nmethods': size=120000Kb used=16081Kb max_used=20496Kb free=103918Kb
 bounds [0x000001d88de60000, 0x000001d88f270000, 0x000001d895390000]
CodeHeap 'non-nmethods': size=5760Kb used=1358Kb max_used=1461Kb free=4401Kb
 bounds [0x000001d88d8c0000, 0x000001d88db30000, 0x000001d88de60000]
 total_blobs=10218 nmethods=9535 adapters=594
 compilation: enabled
              stopped_count=0, restarted_count=0
 full_count=0

Compilation events (20 events):
Event: 164.052 Thread 0x000001d8a4c22690 12307       2       java.util.concurrent.CopyOnWriteArrayList::remove (34 bytes)
Event: 164.052 Thread 0x000001d8a4c22690 nmethod 12307 0x000001d88e273d10 code [0x000001d88e273ec0, 0x000001d88e274058]
Event: 164.589 Thread 0x000001d8a4c20d30 nmethod 12108 0x000001d895db5c10 code [0x000001d895db6400, 0x000001d895dc1150]
Event: 164.590 Thread 0x000001d8a4c20d30 12308       4       org.hibernate.loader.custom.ScalarResultColumnProcessor::extract (17 bytes)
Event: 164.591 Thread 0x000001d8a4c20d30 nmethod 12308 0x000001d895dc6290 code [0x000001d895dc6420, 0x000001d895dc64d8]
Event: 164.591 Thread 0x000001d8a4c20d30 12309       4       java.util.AbstractMap$SimpleEntry::hashCode (38 bytes)
Event: 164.601 Thread 0x000001d8a4c20d30 nmethod 12309 0x000001d895dc6590 code [0x000001d895dc6740, 0x000001d895dc6ac8]
Event: 164.601 Thread 0x000001d8a4c20d30 12211       4       org.springframework.data.repository.core.support.QueryExecutorMethodInterceptor::invoke (48 bytes)
Event: 165.424 Thread 0x000001d8a4c20d30 nmethod 12211 0x000001d895dc6d10 code [0x000001d895dc73c0, 0x000001d895dcfd08]
Event: 165.425 Thread 0x000001d8a4c20d30 12310       4       com.fasterxml.jackson.databind.ser.DefaultSerializerProvider$Impl::createInstance (7 bytes)
Event: 165.441 Thread 0x000001d8a4c20d30 nmethod 12310 0x000001d895dd4490 code [0x000001d895dd4640, 0x000001d895dd4f08]
Event: 165.442 Thread 0x000001d8a4c20d30 12311       4       com.fasterxml.jackson.databind.SerializerProvider::<init> (122 bytes)
Event: 165.468 Thread 0x000001d8a4c20d30 nmethod 12311 0x000001d895dd5190 code [0x000001d895dd5340, 0x000001d895dd6128]
Event: 165.468 Thread 0x000001d8a4c20d30 12312       4       org.springframework.web.method.support.HandlerMethodArgumentResolverComposite::getArgumentResolver (82 bytes)
Event: 165.535 Thread 0x000001d8a4c20d30 nmethod 12312 0x000001d895dd6310 code [0x000001d895dd6580, 0x000001d895dd72e0]
Event: 165.535 Thread 0x000001d8a4c20d30 12313   !   4       com.mysql.cj.ParseInfo::<init> (1255 bytes)
Event: 165.775 Thread 0x000001d8a4c20d30 nmethod 12313 0x000001d895dd7d90 code [0x000001d895dd8140, 0x000001d895ddc0a0]
Event: 165.776 Thread 0x000001d8a4c20d30 12315       4       org.apache.tomcat.util.http.MimeHeaders::createHeader (158 bytes)
Event: 165.792 Thread 0x000001d8a4c20d30 nmethod 12315 0x000001d895dde710 code [0x000001d895dde8e0, 0x000001d895ddf1d8]
Event: 165.792 Thread 0x000001d8a4c20d30 12316       4       org.springframework.core.convert.support.GenericConversionService::getConverter (106 bytes)

GC Heap History (20 events):
Event: 154.500 GC heap before
{Heap before GC invocations=84 (full 0):
 garbage-first heap   total 61440K, used 52333K [0x0000000081600000, 0x0000000100000000)
  region size 1024K, 21 young (21504K), 1 survivors (1024K)
 Metaspace       used 75688K, committed 76160K, reserved 1122304K
  class space    used 8980K, committed 9216K, reserved 1048576K
}
Event: 154.502 GC heap after
{Heap after GC invocations=85 (full 0):
 garbage-first heap   total 61440K, used 31871K [0x0000000081600000, 0x0000000100000000)
  region size 1024K, 1 young (1024K), 1 survivors (1024K)
 Metaspace       used 75688K, committed 76160K, reserved 1122304K
  class space    used 8980K, committed 9216K, reserved 1048576K
}
Event: 155.526 GC heap before
{Heap before GC invocations=86 (full 0):
 garbage-first heap   total 61440K, used 52351K [0x0000000081600000, 0x0000000100000000)
  region size 1024K, 21 young (21504K), 1 survivors (1024K)
 Metaspace       used 75688K, committed 76160K, reserved 1122304K
  class space    used 8980K, committed 9216K, reserved 1048576K
}
Event: 155.527 GC heap after
{Heap after GC invocations=87 (full 0):
 garbage-first heap   total 61440K, used 31871K [0x0000000081600000, 0x0000000100000000)
  region size 1024K, 1 young (1024K), 1 survivors (1024K)
 Metaspace       used 75688K, committed 76160K, reserved 1122304K
  class space    used 8980K, committed 9216K, reserved 1048576K
}
Event: 156.665 GC heap before
{Heap before GC invocations=87 (full 0):
 garbage-first heap   total 61440K, used 52351K [0x0000000081600000, 0x0000000100000000)
  region size 1024K, 21 young (21504K), 1 survivors (1024K)
 Metaspace       used 75689K, committed 76160K, reserved 1122304K
  class space    used 8980K, committed 9216K, reserved 1048576K
}
Event: 156.666 GC heap after
{Heap after GC invocations=88 (full 0):
 garbage-first heap   total 61440K, used 31875K [0x0000000081600000, 0x0000000100000000)
  region size 1024K, 1 young (1024K), 1 survivors (1024K)
 Metaspace       used 75689K, committed 76160K, reserved 1122304K
  class space    used 8980K, committed 9216K, reserved 1048576K
}
Event: 157.833 GC heap before
{Heap before GC invocations=89 (full 0):
 garbage-first heap   total 61440K, used 52355K [0x0000000081600000, 0x0000000100000000)
  region size 1024K, 21 young (21504K), 1 survivors (1024K)
 Metaspace       used 75689K, committed 76160K, reserved 1122304K
  class space    used 8980K, committed 9216K, reserved 1048576K
}
Event: 157.835 GC heap after
{Heap after GC invocations=90 (full 0):
 garbage-first heap   total 61440K, used 31880K [0x0000000081600000, 0x0000000100000000)
  region size 1024K, 1 young (1024K), 1 survivors (1024K)
 Metaspace       used 75689K, committed 76160K, reserved 1122304K
  class space    used 8980K, committed 9216K, reserved 1048576K
}
Event: 159.112 GC heap before
{Heap before GC invocations=90 (full 0):
 garbage-first heap   total 61440K, used 52360K [0x0000000081600000, 0x0000000100000000)
  region size 1024K, 21 young (21504K), 1 survivors (1024K)
 Metaspace       used 75689K, committed 76160K, reserved 1122304K
  class space    used 8980K, committed 9216K, reserved 1048576K
}
Event: 159.114 GC heap after
{Heap after GC invocations=91 (full 0):
 garbage-first heap   total 61440K, used 31874K [0x0000000081600000, 0x0000000100000000)
  region size 1024K, 1 young (1024K), 1 survivors (1024K)
 Metaspace       used 75689K, committed 76160K, reserved 1122304K
  class space    used 8980K, committed 9216K, reserved 1048576K
}
Event: 160.639 GC heap before
{Heap before GC invocations=92 (full 0):
 garbage-first heap   total 61440K, used 52354K [0x0000000081600000, 0x0000000100000000)
  region size 1024K, 21 young (21504K), 1 survivors (1024K)
 Metaspace       used 75689K, committed 76160K, reserved 1122304K
  class space    used 8980K, committed 9216K, reserved 1048576K
}
Event: 160.640 GC heap after
{Heap after GC invocations=93 (full 0):
 garbage-first heap   total 61440K, used 31879K [0x0000000081600000, 0x0000000100000000)
  region size 1024K, 1 young (1024K), 1 survivors (1024K)
 Metaspace       used 75689K, committed 76160K, reserved 1122304K
  class space    used 8980K, committed 9216K, reserved 1048576K
}
Event: 161.899 GC heap before
{Heap before GC invocations=93 (full 0):
 garbage-first heap   total 61440K, used 52359K [0x0000000081600000, 0x0000000100000000)
  region size 1024K, 21 young (21504K), 1 survivors (1024K)
 Metaspace       used 75690K, committed 76160K, reserved 1122304K
  class space    used 8982K, committed 9216K, reserved 1048576K
}
Event: 161.900 GC heap after
{Heap after GC invocations=94 (full 0):
 garbage-first heap   total 61440K, used 31895K [0x0000000081600000, 0x0000000100000000)
  region size 1024K, 1 young (1024K), 1 survivors (1024K)
 Metaspace       used 75690K, committed 76160K, reserved 1122304K
  class space    used 8982K, committed 9216K, reserved 1048576K
}
Event: 163.194 GC heap before
{Heap before GC invocations=95 (full 0):
 garbage-first heap   total 61440K, used 52375K [0x0000000081600000, 0x0000000100000000)
  region size 1024K, 21 young (21504K), 1 survivors (1024K)
 Metaspace       used 75690K, committed 76160K, reserved 1122304K
  class space    used 8982K, committed 9216K, reserved 1048576K
}
Event: 163.195 GC heap after
{Heap after GC invocations=96 (full 0):
 garbage-first heap   total 61440K, used 31871K [0x0000000081600000, 0x0000000100000000)
  region size 1024K, 1 young (1024K), 1 survivors (1024K)
 Metaspace       used 75690K, committed 76160K, reserved 1122304K
  class space    used 8982K, committed 9216K, reserved 1048576K
}
Event: 164.577 GC heap before
{Heap before GC invocations=96 (full 0):
 garbage-first heap   total 61440K, used 52351K [0x0000000081600000, 0x0000000100000000)
  region size 1024K, 21 young (21504K), 1 survivors (1024K)
 Metaspace       used 75855K, committed 76352K, reserved 1122304K
  class space    used 9007K, committed 9216K, reserved 1048576K
}
Event: 164.579 GC heap after
{Heap after GC invocations=97 (full 0):
 garbage-first heap   total 61440K, used 32417K [0x0000000081600000, 0x0000000100000000)
  region size 1024K, 1 young (1024K), 1 survivors (1024K)
 Metaspace       used 75855K, committed 76352K, reserved 1122304K
  class space    used 9007K, committed 9216K, reserved 1048576K
}
Event: 165.921 GC heap before
{Heap before GC invocations=98 (full 0):
 garbage-first heap   total 61440K, used 52897K [0x0000000081600000, 0x0000000100000000)
  region size 1024K, 21 young (21504K), 1 survivors (1024K)
 Metaspace       used 75855K, committed 76352K, reserved 1122304K
  class space    used 9007K, committed 9216K, reserved 1048576K
}
Event: 165.922 GC heap after
{Heap after GC invocations=99 (full 0):
 garbage-first heap   total 61440K, used 32443K [0x0000000081600000, 0x0000000100000000)
  region size 1024K, 1 young (1024K), 1 survivors (1024K)
 Metaspace       used 75855K, committed 76352K, reserved 1122304K
  class space    used 9007K, committed 9216K, reserved 1048576K
}

Deoptimization events (20 events):
Event: 164.481 Thread 0x000001d8ab601b00 DEOPT PACKING pc=0x000001d88f161b99 sp=0x0000007b013fb870
Event: 164.481 Thread 0x000001d8ab601b00 DEOPT UNPACKING pc=0x000001d88d90dece sp=0x0000007b013fae88 mode 0
Event: 164.608 Thread 0x000001d8ab6015b0 DEOPT PACKING pc=0x000001d88f161b99 sp=0x0000007b012fbbd0
Event: 164.608 Thread 0x000001d8ab6015b0 DEOPT UNPACKING pc=0x000001d88d90dece sp=0x0000007b012fb1e8 mode 0
Event: 164.747 Thread 0x000001d8ab6015b0 DEOPT PACKING pc=0x000001d88f161b99 sp=0x0000007b012fbbd0
Event: 164.747 Thread 0x000001d8ab6015b0 DEOPT UNPACKING pc=0x000001d88d90dece sp=0x0000007b012fb1e8 mode 0
Event: 164.870 Thread 0x000001d8ab605570 DEOPT PACKING pc=0x000001d88f161b99 sp=0x0000007b017fba00
Event: 164.870 Thread 0x000001d8ab605570 DEOPT UNPACKING pc=0x000001d88d90dece sp=0x0000007b017fb018 mode 0
Event: 164.998 Thread 0x000001d8ab602af0 DEOPT PACKING pc=0x000001d88f161b99 sp=0x0000007b018fbcd0
Event: 164.998 Thread 0x000001d8ab602af0 DEOPT UNPACKING pc=0x000001d88d90dece sp=0x0000007b018fb2e8 mode 0
Event: 165.255 Thread 0x000001d8ab608a90 DEOPT PACKING pc=0x000001d88f161b99 sp=0x0000007b011fbc90
Event: 165.255 Thread 0x000001d8ab608a90 DEOPT UNPACKING pc=0x000001d88d90dece sp=0x0000007b011fb2a8 mode 0
Event: 165.301 Thread 0x000001d8ab602af0 DEOPT PACKING pc=0x000001d88e25a1d0 sp=0x0000007b018fe8e0
Event: 165.301 Thread 0x000001d8ab602af0 DEOPT UNPACKING pc=0x000001d88d90dece sp=0x0000007b018fdd60 mode 0
Event: 165.384 Thread 0x000001d8ab604ad0 DEOPT PACKING pc=0x000001d88f161b99 sp=0x0000007b015fb8b0
Event: 165.384 Thread 0x000001d8ab604ad0 DEOPT UNPACKING pc=0x000001d88d90dece sp=0x0000007b015faec8 mode 0
Event: 165.533 Thread 0x000001d8ab6025a0 DEOPT PACKING pc=0x000001d88f161b99 sp=0x0000007b014fbc70
Event: 165.533 Thread 0x000001d8ab6025a0 DEOPT UNPACKING pc=0x000001d88d90dece sp=0x0000007b014fb288 mode 0
Event: 165.760 Thread 0x000001d8ab601b00 DEOPT PACKING pc=0x000001d88f161b99 sp=0x0000007b013fb8b0
Event: 165.760 Thread 0x000001d8ab601b00 DEOPT UNPACKING pc=0x000001d88d90dece sp=0x0000007b013faec8 mode 0

Classes unloaded (4 events):
Event: 76.694 Thread 0x000001d8a41a9d50 Unloading class 0x00000001007f4000 'jdk/internal/reflect/GeneratedSerializationConstructorAccessor1'
Event: 99.503 Thread 0x000001d8a41a9d50 Unloading class 0x0000000100888400 'java/lang/invoke/LambdaForm$DMH+0x0000000100888400'
Event: 99.503 Thread 0x000001d8a41a9d50 Unloading class 0x00000001007f5400 'jdk/internal/reflect/GeneratedSerializationConstructorAccessor3'
Event: 99.503 Thread 0x000001d8a41a9d50 Unloading class 0x00000001007f5000 'jdk/internal/reflect/GeneratedSerializationConstructorAccessor2'

Classes redefined (0 events):
No events

Internal exceptions (20 events):
Event: 163.272 Thread 0x000001d8ab601b00 Implicit null exception at 0x000001d895d54375 to 0x000001d895d55b14
Event: 163.272 Thread 0x000001d8ab607ff0 Implicit null exception at 0x000001d895b5f480 to 0x000001d895b5f51a
Event: 163.272 Thread 0x000001d8ab601b00 Implicit null exception at 0x000001d895b73ea5 to 0x000001d895b74308
Event: 163.273 Thread 0x000001d8ab601b00 Implicit null exception at 0x000001d895a70bc1 to 0x000001d895a726e8
Event: 163.273 Thread 0x000001d8ab6025a0 Implicit null exception at 0x000001d895a70bc1 to 0x000001d895a726e8
Event: 163.274 Thread 0x000001d8ab607550 Implicit null exception at 0x000001d8959542c0 to 0x000001d895955338
Event: 163.274 Thread 0x000001d8ab607ff0 Implicit null exception at 0x000001d8958a93b0 to 0x000001d8958ab140
Event: 163.274 Thread 0x000001d8ab6015b0 Implicit null exception at 0x000001d895b5dd43 to 0x000001d895b5dde6
Event: 163.274 Thread 0x000001d8ab608a90 Implicit null exception at 0x000001d895cc2754 to 0x000001d895cc2b54
Event: 163.275 Thread 0x000001d8ab6015b0 Implicit null exception at 0x000001d895b653b2 to 0x000001d895b659b0
Event: 163.275 Thread 0x000001d8ab6015b0 Implicit null exception at 0x000001d895b2f7e0 to 0x000001d895b2fa6c
Event: 163.275 Thread 0x000001d8ab607550 Implicit null exception at 0x000001d895a43ae4 to 0x000001d895a44144
Event: 163.278 Thread 0x000001d8ab607550 Implicit null exception at 0x000001d895a5c2f3 to 0x000001d895a613b8
Event: 163.278 Thread 0x000001d8ab607550 Implicit null exception at 0x000001d8959ea1ae to 0x000001d8959ea3b4
Event: 163.279 Thread 0x000001d8ab601b00 Implicit null exception at 0x000001d895b31fc1 to 0x000001d895b33634
Event: 163.294 Thread 0x000001d8ab6025a0 Implicit null exception at 0x000001d895dacce4 to 0x000001d895dad4b0
Event: 163.299 Thread 0x000001d8ab608a90 Implicit null exception at 0x000001d8959cec48 to 0x000001d8959cf188
Event: 163.299 Thread 0x000001d8ab608a90 Implicit null exception at 0x000001d8959cd8a4 to 0x000001d8959ce1c8
Event: 163.300 Thread 0x000001d8ab608a90 Implicit null exception at 0x000001d895a16fd0 to 0x000001d895a17278
Event: 163.324 Thread 0x000001d8ab604ad0 Implicit null exception at 0x000001d895dacce4 to 0x000001d895dad4b0

Events (20 events):
Event: 163.293 Thread 0x000001d8a4c2f3e0 flushing nmethod 0x000001d88f1eb990
Event: 163.293 Thread 0x000001d8a4c2f3e0 flushing nmethod 0x000001d88f1ecb90
Event: 163.293 Thread 0x000001d8a4c2f3e0 flushing nmethod 0x000001d88f1edd90
Event: 163.294 Thread 0x000001d8a4c2f3e0 flushing nmethod 0x000001d88f1f1110
Event: 163.294 Thread 0x000001d8a4c2f3e0 flushing nmethod 0x000001d88f203790
Event: 163.294 Thread 0x000001d8a4c2f3e0 flushing nmethod 0x000001d88f263210
Event: 163.296 Executing  VM operation: ICBufferFull
Event: 163.297 Executing  VM operation: ICBufferFull done
Event: 163.305 loading class jdk/internal/vm/annotation/ForceInline
Event: 163.305 loading class jdk/internal/vm/annotation/ForceInline done
Event: 164.577 Executing  VM operation: G1CollectForAllocation
Event: 164.579 Executing  VM operation: G1CollectForAllocation done
Event: 164.640 Executing  VM operation: G1Concurrent
Event: 164.644 Executing  VM operation: G1Concurrent done
Event: 164.679 Executing  VM operation: G1Concurrent
Event: 164.679 Executing  VM operation: G1Concurrent done
Event: 165.693 Executing  VM operation: Cleanup
Event: 165.693 Executing  VM operation: Cleanup done
Event: 165.920 Executing  VM operation: G1CollectForAllocation
Event: 165.922 Executing  VM operation: G1CollectForAllocation done


Dynamic libraries:
0x00007ff6935a0000 - 0x00007ff6935ae000 	C:\Users\murum\Downloads\sts-4.11.1.RELEASE\plugins\org.eclipse.justj.openjdk.hotspot.jre.full.win32.x86_64_16.0.2.v20210721-1149\jre\bin\javaw.exe
0x00007ffcc90b0000 - 0x00007ffcc92a5000 	C:\Windows\SYSTEM32\ntdll.dll
0x00007ffcc7880000 - 0x00007ffcc793e000 	C:\Windows\System32\KERNEL32.DLL
0x00007ffcc6e40000 - 0x00007ffcc7108000 	C:\Windows\System32\KERNELBASE.dll
0x00007ffcc6820000 - 0x00007ffcc6920000 	C:\Windows\System32\ucrtbase.dll
0x00007ffc9cb70000 - 0x00007ffc9cb88000 	C:\Users\murum\Downloads\sts-4.11.1.RELEASE\plugins\org.eclipse.justj.openjdk.hotspot.jre.full.win32.x86_64_16.0.2.v20210721-1149\jre\bin\jli.dll
0x00007ffc9c040000 - 0x00007ffc9c059000 	C:\Users\murum\Downloads\sts-4.11.1.RELEASE\plugins\org.eclipse.justj.openjdk.hotspot.jre.full.win32.x86_64_16.0.2.v20210721-1149\jre\bin\VCRUNTIME140.dll
0x00007ffcc7fa0000 - 0x00007ffcc8140000 	C:\Windows\System32\USER32.dll
0x00007ffcc6a30000 - 0x00007ffcc6a52000 	C:\Windows\System32\win32u.dll
0x00007ffcc7cf0000 - 0x00007ffcc7d1b000 	C:\Windows\System32\GDI32.dll
0x00007ffcc5bb0000 - 0x00007ffcc5e4a000 	C:\Windows\WinSxS\amd64_microsoft.windows.common-controls_6595b64144ccf1df_6.0.19041.1110_none_60b5254171f9507e\COMCTL32.dll
0x00007ffcc6920000 - 0x00007ffcc6a2b000 	C:\Windows\System32\gdi32full.dll
0x00007ffcc8f40000 - 0x00007ffcc8fde000 	C:\Windows\System32\msvcrt.dll
0x00007ffcc6da0000 - 0x00007ffcc6e3d000 	C:\Windows\System32\msvcp_win.dll
0x00007ffcc7250000 - 0x00007ffcc7280000 	C:\Windows\System32\IMM32.DLL
0x00007ffcbee80000 - 0x00007ffcbee8c000 	C:\Users\murum\Downloads\sts-4.11.1.RELEASE\plugins\org.eclipse.justj.openjdk.hotspot.jre.full.win32.x86_64_16.0.2.v20210721-1149\jre\bin\vcruntime140_1.dll
0x00007ffc9b4c0000 - 0x00007ffc9b551000 	C:\Users\murum\Downloads\sts-4.11.1.RELEASE\plugins\org.eclipse.justj.openjdk.hotspot.jre.full.win32.x86_64_16.0.2.v20210721-1149\jre\bin\msvcp140.dll
0x00007ffc62410000 - 0x00007ffc62fbb000 	C:\Users\murum\Downloads\sts-4.11.1.RELEASE\plugins\org.eclipse.justj.openjdk.hotspot.jre.full.win32.x86_64_16.0.2.v20210721-1149\jre\bin\server\jvm.dll
0x00007ffcc81d0000 - 0x00007ffcc827e000 	C:\Windows\System32\ADVAPI32.dll
0x00007ffcc8ea0000 - 0x00007ffcc8f3c000 	C:\Windows\System32\sechost.dll
0x00007ffcc7110000 - 0x00007ffcc7235000 	C:\Windows\System32\RPCRT4.dll
0x00007ffcc7d30000 - 0x00007ffcc7d38000 	C:\Windows\System32\PSAPI.DLL
0x00007ffcacdf0000 - 0x00007ffcacdf9000 	C:\Windows\SYSTEM32\WSOCK32.dll
0x00007ffcad580000 - 0x00007ffcad5a7000 	C:\Windows\SYSTEM32\WINMM.dll
0x00007ffcc33c0000 - 0x00007ffcc33ca000 	C:\Windows\SYSTEM32\VERSION.dll
0x00007ffcc8140000 - 0x00007ffcc81ab000 	C:\Windows\System32\WS2_32.dll
0x00007ffcc4a20000 - 0x00007ffcc4a32000 	C:\Windows\SYSTEM32\kernel.appcore.dll
0x00007ffcb9b30000 - 0x00007ffcb9b3a000 	C:\Users\murum\Downloads\sts-4.11.1.RELEASE\plugins\org.eclipse.justj.openjdk.hotspot.jre.full.win32.x86_64_16.0.2.v20210721-1149\jre\bin\jimage.dll
0x00007ffcc6050000 - 0x00007ffcc6234000 	C:\Windows\SYSTEM32\DBGHELP.DLL
0x00007ffcc5fa0000 - 0x00007ffcc5fcc000 	C:\Windows\SYSTEM32\dbgcore.DLL
0x00007ffcc6bb0000 - 0x00007ffcc6c32000 	C:\Windows\System32\bcryptPrimitives.dll
0x00007ffc9b400000 - 0x00007ffc9b425000 	C:\Users\murum\Downloads\sts-4.11.1.RELEASE\plugins\org.eclipse.justj.openjdk.hotspot.jre.full.win32.x86_64_16.0.2.v20210721-1149\jre\bin\java.dll
0x00007ffcab0c0000 - 0x00007ffcab0d8000 	C:\Users\murum\Downloads\sts-4.11.1.RELEASE\plugins\org.eclipse.justj.openjdk.hotspot.jre.full.win32.x86_64_16.0.2.v20210721-1149\jre\bin\zip.dll
0x00007ffcc85e0000 - 0x00007ffcc8d24000 	C:\Windows\System32\SHELL32.dll
0x00007ffcc4270000 - 0x00007ffcc4a04000 	C:\Windows\SYSTEM32\windows.storage.dll
0x00007ffcc8280000 - 0x00007ffcc85d4000 	C:\Windows\System32\combase.dll
0x00007ffcc5b40000 - 0x00007ffcc5b6c000 	C:\Windows\SYSTEM32\Wldp.dll
0x00007ffcc76f0000 - 0x00007ffcc779d000 	C:\Windows\System32\SHCORE.dll
0x00007ffcc8d30000 - 0x00007ffcc8d85000 	C:\Windows\System32\shlwapi.dll
0x00007ffcc6710000 - 0x00007ffcc672f000 	C:\Windows\SYSTEM32\profapi.dll
0x00007ffc95a50000 - 0x00007ffc95a69000 	C:\Users\murum\Downloads\sts-4.11.1.RELEASE\plugins\org.eclipse.justj.openjdk.hotspot.jre.full.win32.x86_64_16.0.2.v20210721-1149\jre\bin\net.dll
0x00007ffcbed00000 - 0x00007ffcbee09000 	C:\Windows\SYSTEM32\WINHTTP.dll
0x00007ffcc5a10000 - 0x00007ffcc5a7a000 	C:\Windows\system32\mswsock.dll
0x00007ffc94f10000 - 0x00007ffc94f23000 	C:\Users\murum\Downloads\sts-4.11.1.RELEASE\plugins\org.eclipse.justj.openjdk.hotspot.jre.full.win32.x86_64_16.0.2.v20210721-1149\jre\bin\nio.dll
0x00007ffcbdc30000 - 0x00007ffcbdc40000 	C:\Users\murum\Downloads\sts-4.11.1.RELEASE\plugins\org.eclipse.justj.openjdk.hotspot.jre.full.win32.x86_64_16.0.2.v20210721-1149\jre\bin\verify.dll
0x00007ffcb9940000 - 0x00007ffcb9949000 	C:\Users\murum\Downloads\sts-4.11.1.RELEASE\plugins\org.eclipse.justj.openjdk.hotspot.jre.full.win32.x86_64_16.0.2.v20210721-1149\jre\bin\management.dll
0x00007ffcb0ed0000 - 0x00007ffcb0edb000 	C:\Users\murum\Downloads\sts-4.11.1.RELEASE\plugins\org.eclipse.justj.openjdk.hotspot.jre.full.win32.x86_64_16.0.2.v20210721-1149\jre\bin\management_ext.dll
0x00007ffca1150000 - 0x00007ffca1167000 	C:\Windows\system32\napinsp.dll
0x00007ffca1130000 - 0x00007ffca114b000 	C:\Windows\system32\pnrpnsp.dll
0x00007ffcc13a0000 - 0x00007ffcc13b5000 	C:\Windows\system32\wshbth.dll
0x00007ffcc3c40000 - 0x00007ffcc3c5d000 	C:\Windows\system32\NLAapi.dll
0x00007ffcc5590000 - 0x00007ffcc55cb000 	C:\Windows\SYSTEM32\IPHLPAPI.DLL
0x00007ffcc55d0000 - 0x00007ffcc569a000 	C:\Windows\SYSTEM32\DNSAPI.dll
0x00007ffcc7d20000 - 0x00007ffcc7d28000 	C:\Windows\System32\NSI.dll
0x00007ffca18e0000 - 0x00007ffca18f2000 	C:\Windows\System32\winrnr.dll
0x00007ffcbdef0000 - 0x00007ffcbdefa000 	C:\Windows\System32\rasadhlp.dll
0x00007ffcb2710000 - 0x00007ffcb278f000 	C:\Windows\System32\fwpuclnt.dll
0x00007ffcc6a60000 - 0x00007ffcc6a87000 	C:\Windows\System32\bcrypt.dll
0x00007ffcc6550000 - 0x00007ffcc6568000 	C:\Windows\SYSTEM32\CRYPTSP.dll
0x00007ffcc5240000 - 0x00007ffcc5274000 	C:\Windows\system32\rsaenh.dll
0x00007ffcc6690000 - 0x00007ffcc66be000 	C:\Windows\SYSTEM32\USERENV.dll
0x00007ffcc5980000 - 0x00007ffcc598c000 	C:\Windows\SYSTEM32\CRYPTBASE.dll
0x00007ffcbceb0000 - 0x00007ffcbcec7000 	C:\Windows\SYSTEM32\dhcpcsvc6.DLL
0x00007ffcbdbf0000 - 0x00007ffcbdc0d000 	C:\Windows\SYSTEM32\dhcpcsvc.DLL
0x00007ffcbdc20000 - 0x00007ffcbdc2e000 	C:\Users\murum\Downloads\sts-4.11.1.RELEASE\plugins\org.eclipse.justj.openjdk.hotspot.jre.full.win32.x86_64_16.0.2.v20210721-1149\jre\bin\sunmscapi.dll
0x00007ffcc6c40000 - 0x00007ffcc6d96000 	C:\Windows\System32\CRYPT32.dll
0x00007ffcc5e50000 - 0x00007ffcc5e77000 	C:\Windows\SYSTEM32\ncrypt.dll
0x00007ffcc5b70000 - 0x00007ffcc5bab000 	C:\Windows\SYSTEM32\NTASN1.dll
0x00007ffcac9c0000 - 0x00007ffcac9c7000 	C:\Windows\system32\wshunix.dll

dbghelp: loaded successfully - version: 4.0.5 - missing functions: none
symbol engine: initialized successfully - sym options: 0x614 - pdb path: .;C:\Users\murum\Downloads\sts-4.11.1.RELEASE\plugins\org.eclipse.justj.openjdk.hotspot.jre.full.win32.x86_64_16.0.2.v20210721-1149\jre\bin;C:\Windows\SYSTEM32;C:\Windows\WinSxS\amd64_microsoft.windows.common-controls_6595b64144ccf1df_6.0.19041.1110_none_60b5254171f9507e;C:\Users\murum\Downloads\sts-4.11.1.RELEASE\plugins\org.eclipse.justj.openjdk.hotspot.jre.full.win32.x86_64_16.0.2.v20210721-1149\jre\bin\server

VM Arguments:
jvm_args: -Dfile.encoding=UTF-8 -XX:+ShowCodeDetailsInExceptionMessages 
java_command: com.kmsoft.InventoryApplication
java_class_path (initial): C:\Users\murum\git\Invsoft-Service\target\classes;C:\Users\murum\.m2\repository\org\springframework\boot\spring-boot-starter-tomcat\2.4.1\spring-boot-starter-tomcat-2.4.1.jar;C:\Users\murum\.m2\repository\jakarta\annotation\jakarta.annotation-api\1.3.5\jakarta.annotation-api-1.3.5.jar;C:\Users\murum\.m2\repository\org\apache\tomcat\embed\tomcat-embed-core\9.0.41\tomcat-embed-core-9.0.41.jar;C:\Users\murum\.m2\repository\org\glassfish\jakarta.el\3.0.3\jakarta.el-3.0.3.jar;C:\Users\murum\.m2\repository\org\apache\tomcat\embed\tomcat-embed-websocket\9.0.41\tomcat-embed-websocket-9.0.41.jar;C:\Users\murum\.m2\repository\org\springframework\boot\spring-boot-starter-data-jpa\2.4.1\spring-boot-starter-data-jpa-2.4.1.jar;C:\Users\murum\.m2\repository\org\springframework\boot\spring-boot-starter-aop\2.4.1\spring-boot-starter-aop-2.4.1.jar;C:\Users\murum\.m2\repository\org\springframework\spring-aop\5.3.2\spring-aop-5.3.2.jar;C:\Users\murum\.m2\repository\org\aspectj\aspectjweaver\1.9.6\aspectjweaver-1.9.6.jar;C:\Users\murum\.m2\repository\org\springframework\boot\spring-boot-starter-jdbc\2.4.1\spring-boot-starter-jdbc-2.4.1.jar;C:\Users\murum\.m2\repository\com\zaxxer\HikariCP\3.4.5\HikariCP-3.4.5.jar;C:\Users\murum\.m2\repository\org\springframework\spring-jdbc\5.3.2\spring-jdbc-5.3.2.jar;C:\Users\murum\.m2\repository\jakarta\transaction\jakarta.transaction-api\1.3.3\jakarta.transaction-api-1.3.3.jar;C:\Users\murum\.m2\repository\jakarta\persistence\jakarta.persistence-api\2.2.3\jakarta.persistence-api-2.2.3.jar;C:\Users\murum\.m2\repository\org\springframework\data\spring-data-jpa\2.4.2\spring-data-jpa-2.4.2.jar;C:\Users\murum\.m2\repository\org\springframework\data\spring-data-commons\2.4.2\spring-data-commons-2.4.2.jar;C:\Users\murum\.m2\repository\org\springframework\spring-orm\5.3.2\spring-orm-5.3.2.jar;C:\Users\murum\.m2\repository\org\springframework\spring-context\5.3.2\spring-context-5.3.2.jar;C:\Users\murum\.m2\repository\org\springfra
Launcher Type: SUN_STANDARD

[Global flags]
     intx CICompilerCount                          = 4                                         {product} {ergonomic}
     uint ConcGCThreads                            = 2                                         {product} {ergonomic}
     uint G1ConcRefinementThreads                  = 8                                         {product} {ergonomic}
   size_t G1HeapRegionSize                         = 1048576                                   {product} {ergonomic}
    uintx GCDrainStackTargetSize                   = 64                                        {product} {ergonomic}
   size_t InitialHeapSize                          = 134217728                                 {product} {ergonomic}
   size_t MarkStackSize                            = 4194304                                   {product} {ergonomic}
   size_t MaxHeapSize                              = 2124414976                                {product} {ergonomic}
   size_t MaxNewSize                               = 1274019840                                {product} {ergonomic}
   size_t MinHeapDeltaBytes                        = 1048576                                   {product} {ergonomic}
   size_t MinHeapSize                              = 8388608                                   {product} {ergonomic}
    uintx NonNMethodCodeHeapSize                   = 5839372                                {pd product} {ergonomic}
    uintx NonProfiledCodeHeapSize                  = 122909434                              {pd product} {ergonomic}
    uintx ProfiledCodeHeapSize                     = 122909434                              {pd product} {ergonomic}
    uintx ReservedCodeCacheSize                    = 251658240                              {pd product} {ergonomic}
     bool SegmentedCodeCache                       = true                                      {product} {ergonomic}
     bool ShowCodeDetailsInExceptionMessages       = true                                   {manageable} {command line}
   size_t SoftMaxHeapSize                          = 2124414976                             {manageable} {ergonomic}
     bool UseCompressedClassPointers               = true                           {product lp64_product} {ergonomic}
     bool UseCompressedOops                        = true                           {product lp64_product} {ergonomic}
     bool UseG1GC                                  = true                                      {product} {ergonomic}
     bool UseLargePagesIndividualAllocation        = false                                  {pd product} {ergonomic}

Logging:
Log output configuration:
 #0: stdout all=warning uptime,level,tags
 #1: stderr all=off uptime,level,tags

Environment Variables:
PATH=C:/Users/murum/Downloads/sts-4.11.1.RELEASE//plugins/org.eclipse.justj.openjdk.hotspot.jre.full.win32.x86_64_16.0.2.v20210721-1149/jre/bin/server;C:/Users/murum/Downloads/sts-4.11.1.RELEASE//plugins/org.eclipse.justj.openjdk.hotspot.jre.full.win32.x86_64_16.0.2.v20210721-1149/jre/bin;C:\Program Files\Common Files\Oracle\Java\javapath;C:\Program Files (x86)\Common Files\Oracle\Java\javapath;C:\Windows\system32;C:\Windows;C:\Windows\System32\Wbem;C:\Windows\System32\WindowsPowerShell\v1.0\;C:\Windows\System32\OpenSSH\;C:\Program Files\Git\cmd;%AppData%\npm;C:\Program Files\nodejs\;C:\Program Files\apache-maven-3.8.4\bin;C:\Program Files\MySQL\MySQL Shell 8.0\bin\;C:\Users\murum\AppData\Roaming\npm\;C:\Users\murum\AppData\Local\Programs\Microsoft VS Code\bin;C:\Program Files\heroku\bin;;C:\Users\murum\Downloads\sts-4.11.1.RELEASE;
USERNAME=murum
OS=Windows_NT
PROCESSOR_IDENTIFIER=Intel64 Family 6 Model 142 Stepping 10, GenuineIntel



---------------  S Y S T E M  ---------------

OS:
 Windows 10 , 64 bit Build 19041 (10.0.19041.1566)
OS uptime: 0 days 2:38 hours

CPU: total 8 (initial active 8) (4 cores per cpu, 2 threads per core) family 6 model 142 stepping 10 microcode 0xe0, cx8, cmov, fxsr, ht, mmx, 3dnowpref, sse, sse2, sse3, ssse3, sse4.1, sse4.2, popcnt, lzcnt, tsc, tscinvbit, avx, avx2, aes, erms, clmul, bmi1, bmi2, adx, fma, vzeroupper, clflush, clflushopt

Memory: 4k page, system-wide physical 8103M (363M free)
TotalPageFile size 32679M (AvailPageFile size 5M)
current process WorkingSet (physical memory assigned to process): 278M, peak: 287M
current process commit charge ("private bytes"): 309M, peak: 319M

vm_info: OpenJDK 64-Bit Server VM (16.0.2+7-67) for windows-amd64 JRE (16.0.2+7-67), built on Jun  8 2021 23:21:43 by "mach5one" with MS VC++ 16.7 (VS2019)

END.
